// 重构日志: 52aa8467
// 同步 ID: 81adb9fb @ Thu Jul 23 14:40:34 UTC 2026
// 同步 ID: 4a5f4652 @ Thu Jul 23 18:51:53 UTC 2026
// 同步 ID: 3ded2d52 @ Fri Jul 24 00:20:13 UTC 2026
// 同步 ID: fa1f8dee @ Sat Jul 25 10:10:30 UTC 2026
// 重构日志: ba73a5c7
// 重构日志: 895177bf
// 同步 ID: 78ab3e2b @ Sun Jul 26 22:27:54 UTC 2026
// 重构日志: 9d3669b2
// 重构日志: b9f1d424
// 重构日志: f348a0b1
// 重构日志: 5b20d0d0
// 重构日志: ca824489
// 重构日志: 4809b90d
// 同步 ID: cb7354c0 @ Thu Jul 30 07:20:00 UTC 2026
// 同步 ID: 0900a9d2 @ Thu Jul 30 10:05:15 UTC 2026
// 重构日志: ab94ef3e
// 重构日志: fcbbe517
// 重构日志: d2efcc93
// 重构日志: f9f2563b
// 重构日志: 685ce076
// 重构日志: 0cc466db
// 重构日志: e56a546a
// 重构日志: ee3f295b
// 重构日志: 2b168a12
// 重构日志: c407fc06
// 重构日志: 63750e31
// 同步 ID: 61ad2352 @ Wed Aug  5 07:24:52 UTC 2026
// 同步 ID: 85a40f51 @ Wed Aug  5 16:54:16 UTC 2026
// 同步 ID: 5c17f6d9 @ Wed Aug  5 23:06:20 UTC 2026
// 重构日志: ad2cc85e
// 重构日志: 23082193
